time="2026-03-10T12:59:08+05:30" level=warning msg="Could not open words.txt. Falling back to default word list." error="open words.txt: The system cannot find the file specified."
=== RUN   TestHub_Run
    hub_test.go:17: Hub registered client successfully.
--- PASS: TestHub_Run (0.00s)
=== RUN   TestLevenshteinDistance
=== RUN   TestLevenshteinDistance/banana_vs_bandana
=== RUN   TestLevenshteinDistance/banana_vs_banana
=== RUN   TestLevenshteinDistance/banana_vs_apple
=== RUN   TestLevenshteinDistance/cat_vs_car
=== RUN   TestLevenshteinDistance/elephant_vs_elphant
=== RUN   TestLevenshteinDistance/strawberry_vs_strawbery
=== RUN   TestLevenshteinDistance/_vs_hello
=== RUN   TestLevenshteinDistance/hello_vs_
=== RUN   TestLevenshteinDistance/abc_vs_def
--- PASS: TestLevenshteinDistance (0.00s)
    --- PASS: TestLevenshteinDistance/banana_vs_bandana (0.00s)
    --- PASS: TestLevenshteinDistance/banana_vs_banana (0.00s)
    --- PASS: TestLevenshteinDistance/banana_vs_apple (0.00s)
    --- PASS: TestLevenshteinDistance/cat_vs_car (0.00s)
    --- PASS: TestLevenshteinDistance/elephant_vs_elphant (0.00s)
    --- PASS: TestLevenshteinDistance/strawberry_vs_strawbery (0.00s)
    --- PASS: TestLevenshteinDistance/_vs_hello (0.00s)
    --- PASS: TestLevenshteinDistance/hello_vs_ (0.00s)
    --- PASS: TestLevenshteinDistance/abc_vs_def (0.00s)
=== RUN   TestCloseThreshold
=== RUN   TestCloseThreshold/length_3
=== RUN   TestCloseThreshold/length_5
=== RUN   TestCloseThreshold/length_6
=== RUN   TestCloseThreshold/length_9
=== RUN   TestCloseThreshold/length_10
=== RUN   TestCloseThreshold/length_15
--- PASS: TestCloseThreshold (0.00s)
    --- PASS: TestCloseThreshold/length_3 (0.00s)
    --- PASS: TestCloseThreshold/length_5 (0.00s)
    --- PASS: TestCloseThreshold/length_6 (0.00s)
    --- PASS: TestCloseThreshold/length_9 (0.00s)
    --- PASS: TestCloseThreshold/length_10 (0.00s)
    --- PASS: TestCloseThreshold/length_15 (0.00s)
=== RUN   TestHintGeneration
--- PASS: TestHintGeneration (0.00s)
=== RUN   TestStateTransitions
--- PASS: TestStateTransitions (0.00s)
=== RUN   TestParseGameState
